-- The C compiler identification is GNU 11.4.0
-- The CXX compiler identification is GNU 11.4.0
-- Detecting C compiler ABI info
-- Detecting C compiler ABI info - done
-- Check for working C compiler: /usr/bin/cc - skipped
-- Detecting C compile features
-- Detecting C compile features - done
-- Detecting CXX compiler ABI info
-- Detecting CXX compiler ABI info - done
-- Check for working CXX compiler: /usr/bin/c++ - skipped
-- Detecting CXX compile features
-- Detecting CXX compile features - done
-- Found rosidl_default_generators: 1.2.0 (/opt/ros/humble/share/rosidl_default_generators/cmake)
-- Found ament_cmake_core: 1.3.11 (/opt/ros/humble/share/ament_cmake_core/cmake)
-- Found Python3: /usr/bin/python3 (found version "3.10.12") found components: Interpreter 
-- Using all available rosidl_typesupport_c: rosidl_typesupport_fastrtps_c;rosidl_typesupport_introspection_c
-- Found rosidl_adapter: 3.1.6 (/opt/ros/humble/share/rosidl_adapter/cmake)
-- Using all available rosidl_typesupport_cpp: rosidl_typesupport_fastrtps_cpp;rosidl_typesupport_introspection_cpp
-- Found ament_cmake_ros: 0.10.0 (/opt/ros/humble/share/ament_cmake_ros/cmake)
-- Using all available rosidl_typesupport_c: rosidl_typesupport_fastrtps_c;rosidl_typesupport_introspection_c
-- Using all available rosidl_typesupport_cpp: rosidl_typesupport_fastrtps_cpp;rosidl_typesupport_introspection_cpp
-- Found PythonInterp: /usr/bin/python3 (found suitable version "3.10.12", minimum required is "3.6") 
-- Found python_cmake_module: 0.10.0 (/opt/ros/humble/share/python_cmake_module/cmake)
-- Found PythonLibs: /usr/lib/x86_64-linux-gnu/libpython3.10.so (found suitable version "3.10.12", minimum required is "3.5") 
-- Using PYTHON_EXECUTABLE: /usr/bin/python3
-- Using PYTHON_INCLUDE_DIRS: /usr/include/python3.10
-- Using PYTHON_LIBRARIES: /usr/lib/x86_64-linux-gnu/libpython3.10.so
-- Found PythonExtra: .so  
-- Configuring done
-- Generating done
-- Build files have been written to: /home/waves/hexapod/build/hexapod_interfaces
[  2%] [34m[1mGenerating C code for ROS interfaces[0m
[  4%] [34m[1mGenerating C++ code for ROS interfaces[0m
[  4%] Built target ament_cmake_python_copy_hexapod_interfaces
running egg_info
creating hexapod_interfaces.egg-info
writing hexapod_interfaces.egg-info/PKG-INFO
writing dependency_links to hexapod_interfaces.egg-info/dependency_links.txt
writing top-level names to hexapod_interfaces.egg-info/top_level.txt
writing manifest file 'hexapod_interfaces.egg-info/SOURCES.txt'
reading manifest file 'hexapod_interfaces.egg-info/SOURCES.txt'
writing manifest file 'hexapod_interfaces.egg-info/SOURCES.txt'
[  4%] Built target ament_cmake_python_build_hexapod_interfaces_egg
[  4%] Built target hexapod_interfaces__cpp
[  6%] [34m[1mGenerating C++ introspection for ROS interfaces[0m
[  8%] [34m[1mGenerating C++ type support for eProsima Fast-RTPS[0m
[ 10%] [34m[1mGenerating C++ type support dispatch for ROS interfaces[0m
[ 12%] [32mBuilding C object CMakeFiles/hexapod_interfaces__rosidl_generator_c.dir/rosidl_generator_c/hexapod_interfaces/msg/detail/leg_actuators__functions.c.o[0m
[ 14%] [32mBuilding C object CMakeFiles/hexapod_interfaces__rosidl_generator_c.dir/rosidl_generator_c/hexapod_interfaces/msg/detail/coordinates__functions.c.o[0m
[ 17%] [32mBuilding C object CMakeFiles/hexapod_interfaces__rosidl_generator_c.dir/rosidl_generator_c/hexapod_interfaces/srv/detail/inverse_kinematics__functions.c.o[0m
[ 19%] [32m[1mLinking C shared library libhexapod_interfaces__rosidl_generator_c.so[0m
[ 21%] [32mBuilding CXX object CMakeFiles/hexapod_interfaces__rosidl_typesupport_introspection_cpp.dir/rosidl_typesupport_introspection_cpp/hexapod_interfaces/msg/detail/leg_actuators__type_support.cpp.o[0m
[ 23%] [32mBuilding CXX object CMakeFiles/hexapod_interfaces__rosidl_typesupport_cpp.dir/rosidl_typesupport_cpp/hexapod_interfaces/msg/leg_actuators__type_support.cpp.o[0m
[ 25%] [32mBuilding CXX object CMakeFiles/hexapod_interfaces__rosidl_typesupport_fastrtps_cpp.dir/rosidl_typesupport_fastrtps_cpp/hexapod_interfaces/msg/detail/dds_fastrtps/leg_actuators__type_support.cpp.o[0m
[ 25%] Built target hexapod_interfaces__rosidl_generator_c
[ 27%] [32mBuilding CXX object CMakeFiles/hexapod_interfaces__rosidl_typesupport_introspection_cpp.dir/rosidl_typesupport_introspection_cpp/hexapod_interfaces/msg/detail/coordinates__type_support.cpp.o[0m
[ 29%] [32mBuilding CXX object CMakeFiles/hexapod_interfaces__rosidl_typesupport_cpp.dir/rosidl_typesupport_cpp/hexapod_interfaces/msg/coordinates__type_support.cpp.o[0m
[ 31%] [32mBuilding CXX object CMakeFiles/hexapod_interfaces__rosidl_typesupport_fastrtps_cpp.dir/rosidl_typesupport_fastrtps_cpp/hexapod_interfaces/msg/detail/dds_fastrtps/coordinates__type_support.cpp.o[0m
[ 34%] [32mBuilding CXX object CMakeFiles/hexapod_interfaces__rosidl_typesupport_fastrtps_cpp.dir/rosidl_typesupport_fastrtps_cpp/hexapod_interfaces/srv/detail/dds_fastrtps/inverse_kinematics__type_support.cpp.o[0m
[ 36%] [32mBuilding CXX object CMakeFiles/hexapod_interfaces__rosidl_typesupport_introspection_cpp.dir/rosidl_typesupport_introspection_cpp/hexapod_interfaces/srv/detail/inverse_kinematics__type_support.cpp.o[0m
[ 38%] [32mBuilding CXX object CMakeFiles/hexapod_interfaces__rosidl_typesupport_cpp.dir/rosidl_typesupport_cpp/hexapod_interfaces/srv/inverse_kinematics__type_support.cpp.o[0m
[ 40%] [34m[1mGenerating C type support for eProsima Fast-RTPS[0m
[ 42%] [32m[1mLinking CXX shared library libhexapod_interfaces__rosidl_typesupport_fastrtps_cpp.so[0m
[ 44%] [32m[1mLinking CXX shared library libhexapod_interfaces__rosidl_typesupport_cpp.so[0m
[ 46%] [32m[1mLinking CXX shared library libhexapod_interfaces__rosidl_typesupport_introspection_cpp.so[0m
[ 46%] Built target hexapod_interfaces__rosidl_typesupport_fastrtps_cpp
[ 48%] [34m[1mGenerating C introspection for ROS interfaces[0m
[ 48%] Built target hexapod_interfaces__rosidl_typesupport_introspection_cpp
[ 48%] Built target hexapod_interfaces__rosidl_typesupport_cpp
[ 51%] [34m[1mGenerating C type support dispatch for ROS interfaces[0m
[ 53%] [32mBuilding CXX object CMakeFiles/hexapod_interfaces__rosidl_typesupport_fastrtps_c.dir/rosidl_typesupport_fastrtps_c/hexapod_interfaces/msg/detail/leg_actuators__type_support_c.cpp.o[0m
[ 55%] [32mBuilding CXX object CMakeFiles/hexapod_interfaces__rosidl_typesupport_fastrtps_c.dir/rosidl_typesupport_fastrtps_c/hexapod_interfaces/msg/detail/coordinates__type_support_c.cpp.o[0m
[ 57%] [32mBuilding CXX object CMakeFiles/hexapod_interfaces__rosidl_typesupport_fastrtps_c.dir/rosidl_typesupport_fastrtps_c/hexapod_interfaces/srv/detail/inverse_kinematics__type_support_c.cpp.o[0m
[ 61%] [32mBuilding CXX object CMakeFiles/hexapod_interfaces__rosidl_typesupport_c.dir/rosidl_typesupport_c/hexapod_interfaces/msg/leg_actuators__type_support.cpp.o[0m
[ 61%] [32mBuilding C object CMakeFiles/hexapod_interfaces__rosidl_typesupport_introspection_c.dir/rosidl_typesupport_introspection_c/hexapod_interfaces/msg/detail/coordinates__type_support.c.o[0m
[ 63%] [32mBuilding C object CMakeFiles/hexapod_interfaces__rosidl_typesupport_introspection_c.dir/rosidl_typesupport_introspection_c/hexapod_interfaces/msg/detail/leg_actuators__type_support.c.o[0m
[ 65%] [32mBuilding CXX object CMakeFiles/hexapod_interfaces__rosidl_typesupport_c.dir/rosidl_typesupport_c/hexapod_interfaces/msg/coordinates__type_support.cpp.o[0m
[ 68%] [32mBuilding C object CMakeFiles/hexapod_interfaces__rosidl_typesupport_introspection_c.dir/rosidl_typesupport_introspection_c/hexapod_interfaces/srv/detail/inverse_kinematics__type_support.c.o[0m
[ 70%] [32mBuilding CXX object CMakeFiles/hexapod_interfaces__rosidl_typesupport_c.dir/rosidl_typesupport_c/hexapod_interfaces/srv/inverse_kinematics__type_support.cpp.o[0m
[ 72%] [32m[1mLinking CXX shared library libhexapod_interfaces__rosidl_typesupport_fastrtps_c.so[0m
[ 74%] [32m[1mLinking C shared library libhexapod_interfaces__rosidl_typesupport_introspection_c.so[0m
[ 76%] [32m[1mLinking CXX shared library libhexapod_interfaces__rosidl_typesupport_c.so[0m
[ 76%] Built target hexapod_interfaces__rosidl_typesupport_introspection_c
[ 76%] Built target hexapod_interfaces__rosidl_typesupport_fastrtps_c
[ 76%] Built target hexapod_interfaces__rosidl_typesupport_c
[ 76%] Built target hexapod_interfaces
[ 78%] [34m[1mGenerating Python code for ROS interfaces[0m
[ 78%] Built target hexapod_interfaces__py
[ 82%] [32mBuilding C object CMakeFiles/hexapod_interfaces__rosidl_generator_py.dir/rosidl_generator_py/hexapod_interfaces/msg/_coordinates_s.c.o[0m
[ 82%] [32mBuilding C object CMakeFiles/hexapod_interfaces__rosidl_generator_py.dir/rosidl_generator_py/hexapod_interfaces/msg/_leg_actuators_s.c.o[0m
[ 85%] [32mBuilding C object CMakeFiles/hexapod_interfaces__rosidl_generator_py.dir/rosidl_generator_py/hexapod_interfaces/srv/_inverse_kinematics_s.c.o[0m
[ 87%] [32m[1mLinking C shared library rosidl_generator_py/hexapod_interfaces/libhexapod_interfaces__rosidl_generator_py.so[0m
[ 87%] Built target hexapod_interfaces__rosidl_generator_py
[ 89%] [32mBuilding C object CMakeFiles/hexapod_interfaces__rosidl_typesupport_c__pyext.dir/rosidl_generator_py/hexapod_interfaces/_hexapod_interfaces_s.ep.rosidl_typesupport_c.c.o[0m
[ 91%] [32mBuilding C object CMakeFiles/hexapod_interfaces__rosidl_typesupport_fastrtps_c__pyext.dir/rosidl_generator_py/hexapod_interfaces/_hexapod_interfaces_s.ep.rosidl_typesupport_fastrtps_c.c.o[0m
[ 93%] [32mBuilding C object CMakeFiles/hexapod_interfaces__rosidl_typesupport_introspection_c__pyext.dir/rosidl_generator_py/hexapod_interfaces/_hexapod_interfaces_s.ep.rosidl_typesupport_introspection_c.c.o[0m
[ 95%] [32m[1mLinking C shared library rosidl_generator_py/hexapod_interfaces/hexapod_interfaces_s__rosidl_typesupport_introspection_c.cpython-310-x86_64-linux-gnu.so[0m
[ 97%] [32m[1mLinking C shared library rosidl_generator_py/hexapod_interfaces/hexapod_interfaces_s__rosidl_typesupport_fastrtps_c.cpython-310-x86_64-linux-gnu.so[0m
[100%] [32m[1mLinking C shared library rosidl_generator_py/hexapod_interfaces/hexapod_interfaces_s__rosidl_typesupport_c.cpython-310-x86_64-linux-gnu.so[0m
[100%] Built target hexapod_interfaces__rosidl_typesupport_c__pyext
[100%] Built target hexapod_interfaces__rosidl_typesupport_introspection_c__pyext
[100%] Built target hexapod_interfaces__rosidl_typesupport_fastrtps_c__pyext
-- Install configuration: ""
-- Installing: /home/waves/hexapod/install/hexapod_interfaces/share/ament_index/resource_index/rosidl_interfaces/hexapod_interfaces
-- Installing: /home/waves/hexapod/install/hexapod_interfaces/include/hexapod_interfaces/hexapod_interfaces
-- Installing: /home/waves/hexapod/install/hexapod_interfaces/include/hexapod_interfaces/hexapod_interfaces/srv
-- Installing: /home/waves/hexapod/install/hexapod_interfaces/include/hexapod_interfaces/hexapod_interfaces/srv/detail
-- Installing: /home/waves/hexapod/install/hexapod_interfaces/include/hexapod_interfaces/hexapod_interfaces/srv/detail/inverse_kinematics__struct.h
-- Installing: /home/waves/hexapod/install/hexapod_interfaces/include/hexapod_interfaces/hexapod_interfaces/srv/detail/inverse_kinematics__functions.c
-- Installing: /home/waves/hexapod/install/hexapod_interfaces/include/hexapod_interfaces/hexapod_interfaces/srv/detail/inverse_kinematics__type_support.h
-- Installing: /home/waves/hexapod/install/hexapod_interfaces/include/hexapod_interfaces/hexapod_interfaces/srv/detail/inverse_kinematics__functions.h
-- Installing: /home/waves/hexapod/install/hexapod_interfaces/include/hexapod_interfaces/hexapod_interfaces/srv/inverse_kinematics.h
-- Installing: /home/waves/hexapod/install/hexapod_interfaces/include/hexapod_interfaces/hexapod_interfaces/msg
-- Installing: /home/waves/hexapod/install/hexapod_interfaces/include/hexapod_interfaces/hexapod_interfaces/msg/leg_actuators.h
-- Installing: /home/waves/hexapod/install/hexapod_interfaces/include/hexapod_interfaces/hexapod_interfaces/msg/coordinates.h
-- Installing: /home/waves/hexapod/install/hexapod_interfaces/include/hexapod_interfaces/hexapod_interfaces/msg/detail
-- Installing: /home/waves/hexapod/install/hexapod_interfaces/include/hexapod_interfaces/hexapod_interfaces/msg/detail/leg_actuators__struct.h
-- Installing: /home/waves/hexapod/install/hexapod_interfaces/include/hexapod_interfaces/hexapod_interfaces/msg/detail/coordinates__functions.h
-- Installing: /home/waves/hexapod/install/hexapod_interfaces/include/hexapod_interfaces/hexapod_interfaces/msg/detail/leg_actuators__functions.h
-- Installing: /home/waves/hexapod/install/hexapod_interfaces/include/hexapod_interfaces/hexapod_interfaces/msg/detail/leg_actuators__type_support.h
-- Installing: /home/waves/hexapod/install/hexapod_interfaces/include/hexapod_interfaces/hexapod_interfaces/msg/detail/leg_actuators__functions.c
-- Installing: /home/waves/hexapod/install/hexapod_interfaces/include/hexapod_interfaces/hexapod_interfaces/msg/detail/coordinates__functions.c
-- Installing: /home/waves/hexapod/install/hexapod_interfaces/include/hexapod_interfaces/hexapod_interfaces/msg/detail/coordinates__struct.h
-- Installing: /home/waves/hexapod/install/hexapod_interfaces/include/hexapod_interfaces/hexapod_interfaces/msg/detail/coordinates__type_support.h
-- Installing: /home/waves/hexapod/install/hexapod_interfaces/include/hexapod_interfaces/hexapod_interfaces/msg/rosidl_generator_c__visibility_control.h
-- Installing: /home/waves/hexapod/install/hexapod_interfaces/share/hexapod_interfaces/environment/library_path.sh
-- Installing: /home/waves/hexapod/install/hexapod_interfaces/share/hexapod_interfaces/environment/library_path.dsv
-- Installing: /home/waves/hexapod/install/hexapod_interfaces/lib/libhexapod_interfaces__rosidl_generator_c.so
-- Set runtime path of "/home/waves/hexapod/install/hexapod_interfaces/lib/libhexapod_interfaces__rosidl_generator_c.so" to ""
-- Up-to-date: /home/waves/hexapod/install/hexapod_interfaces/include/hexapod_interfaces/hexapod_interfaces
-- Up-to-date: /home/waves/hexapod/install/hexapod_interfaces/include/hexapod_interfaces/hexapod_interfaces/srv
-- Up-to-date: /home/waves/hexapod/install/hexapod_interfaces/include/hexapod_interfaces/hexapod_interfaces/srv/detail
-- Installing: /home/waves/hexapod/install/hexapod_interfaces/include/hexapod_interfaces/hexapod_interfaces/srv/detail/inverse_kinematics__rosidl_typesupport_fastrtps_c.h
-- Up-to-date: /home/waves/hexapod/install/hexapod_interfaces/include/hexapod_interfaces/hexapod_interfaces/msg
-- Installing: /home/waves/hexapod/install/hexapod_interfaces/include/hexapod_interfaces/hexapod_interfaces/msg/rosidl_typesupport_fastrtps_c__visibility_control.h
-- Up-to-date: /home/waves/hexapod/install/hexapod_interfaces/include/hexapod_interfaces/hexapod_interfaces/msg/detail
-- Installing: /home/waves/hexapod/install/hexapod_interfaces/include/hexapod_interfaces/hexapod_interfaces/msg/detail/leg_actuators__rosidl_typesupport_fastrtps_c.h
-- Installing: /home/waves/hexapod/install/hexapod_interfaces/include/hexapod_interfaces/hexapod_interfaces/msg/detail/coordinates__rosidl_typesupport_fastrtps_c.h
-- Installing: /home/waves/hexapod/install/hexapod_interfaces/lib/libhexapod_interfaces__rosidl_typesupport_fastrtps_c.so
-- Set runtime path of "/home/waves/hexapod/install/hexapod_interfaces/lib/libhexapod_interfaces__rosidl_typesupport_fastrtps_c.so" to ""
-- Up-to-date: /home/waves/hexapod/install/hexapod_interfaces/include/hexapod_interfaces/hexapod_interfaces
-- Up-to-date: /home/waves/hexapod/install/hexapod_interfaces/include/hexapod_interfaces/hexapod_interfaces/srv
-- Up-to-date: /home/waves/hexapod/install/hexapod_interfaces/include/hexapod_interfaces/hexapod_interfaces/srv/detail
-- Installing: /home/waves/hexapod/install/hexapod_interfaces/include/hexapod_interfaces/hexapod_interfaces/srv/detail/inverse_kinematics__rosidl_typesupport_introspection_c.h
-- Installing: /home/waves/hexapod/install/hexapod_interfaces/include/hexapod_interfaces/hexapod_interfaces/srv/detail/inverse_kinematics__type_support.c
-- Up-to-date: /home/waves/hexapod/install/hexapod_interfaces/include/hexapod_interfaces/hexapod_interfaces/msg
-- Installing: /home/waves/hexapod/install/hexapod_interfaces/include/hexapod_interfaces/hexapod_interfaces/msg/rosidl_typesupport_introspection_c__visibility_control.h
-- Up-to-date: /home/waves/hexapod/install/hexapod_interfaces/include/hexapod_interfaces/hexapod_interfaces/msg/detail
-- Installing: /home/waves/hexapod/install/hexapod_interfaces/include/hexapod_interfaces/hexapod_interfaces/msg/detail/leg_actuators__rosidl_typesupport_introspection_c.h
-- Installing: /home/waves/hexapod/install/hexapod_interfaces/include/hexapod_interfaces/hexapod_interfaces/msg/detail/leg_actuators__type_support.c
-- Installing: /home/waves/hexapod/install/hexapod_interfaces/include/hexapod_interfaces/hexapod_interfaces/msg/detail/coordinates__rosidl_typesupport_introspection_c.h
-- Installing: /home/waves/hexapod/install/hexapod_interfaces/include/hexapod_interfaces/hexapod_interfaces/msg/detail/coordinates__type_support.c
-- Installing: /home/waves/hexapod/install/hexapod_interfaces/lib/libhexapod_interfaces__rosidl_typesupport_introspection_c.so
-- Set runtime path of "/home/waves/hexapod/install/hexapod_interfaces/lib/libhexapod_interfaces__rosidl_typesupport_introspection_c.so" to ""
-- Installing: /home/waves/hexapod/install/hexapod_interfaces/lib/libhexapod_interfaces__rosidl_typesupport_c.so
-- Set runtime path of "/home/waves/hexapod/install/hexapod_interfaces/lib/libhexapod_interfaces__rosidl_typesupport_c.so" to ""
-- Up-to-date: /home/waves/hexapod/install/hexapod_interfaces/include/hexapod_interfaces/hexapod_interfaces
-- Up-to-date: /home/waves/hexapod/install/hexapod_interfaces/include/hexapod_interfaces/hexapod_interfaces/srv
-- Up-to-date: /home/waves/hexapod/install/hexapod_interfaces/include/hexapod_interfaces/hexapod_interfaces/srv/detail
-- Installing: /home/waves/hexapod/install/hexapod_interfaces/include/hexapod_interfaces/hexapod_interfaces/srv/detail/inverse_kinematics__traits.hpp
-- Installing: /home/waves/hexapod/install/hexapod_interfaces/include/hexapod_interfaces/hexapod_interfaces/srv/detail/inverse_kinematics__type_support.hpp
-- Installing: /home/waves/hexapod/install/hexapod_interfaces/include/hexapod_interfaces/hexapod_interfaces/srv/detail/inverse_kinematics__struct.hpp
-- Installing: /home/waves/hexapod/install/hexapod_interfaces/include/hexapod_interfaces/hexapod_interfaces/srv/detail/inverse_kinematics__builder.hpp
-- Installing: /home/waves/hexapod/install/hexapod_interfaces/include/hexapod_interfaces/hexapod_interfaces/srv/inverse_kinematics.hpp
-- Up-to-date: /home/waves/hexapod/install/hexapod_interfaces/include/hexapod_interfaces/hexapod_interfaces/msg
-- Installing: /home/waves/hexapod/install/hexapod_interfaces/include/hexapod_interfaces/hexapod_interfaces/msg/leg_actuators.hpp
-- Up-to-date: /home/waves/hexapod/install/hexapod_interfaces/include/hexapod_interfaces/hexapod_interfaces/msg/detail
-- Installing: /home/waves/hexapod/install/hexapod_interfaces/include/hexapod_interfaces/hexapod_interfaces/msg/detail/leg_actuators__traits.hpp
-- Installing: /home/waves/hexapod/install/hexapod_interfaces/include/hexapod_interfaces/hexapod_interfaces/msg/detail/leg_actuators__type_support.hpp
-- Installing: /home/waves/hexapod/install/hexapod_interfaces/include/hexapod_interfaces/hexapod_interfaces/msg/detail/leg_actuators__struct.hpp
-- Installing: /home/waves/hexapod/install/hexapod_interfaces/include/hexapod_interfaces/hexapod_interfaces/msg/detail/coordinates__traits.hpp
-- Installing: /home/waves/hexapod/install/hexapod_interfaces/include/hexapod_interfaces/hexapod_interfaces/msg/detail/leg_actuators__builder.hpp
-- Installing: /home/waves/hexapod/install/hexapod_interfaces/include/hexapod_interfaces/hexapod_interfaces/msg/detail/coordinates__builder.hpp
-- Installing: /home/waves/hexapod/install/hexapod_interfaces/include/hexapod_interfaces/hexapod_interfaces/msg/detail/coordinates__type_support.hpp
-- Installing: /home/waves/hexapod/install/hexapod_interfaces/include/hexapod_interfaces/hexapod_interfaces/msg/detail/coordinates__struct.hpp
-- Installing: /home/waves/hexapod/install/hexapod_interfaces/include/hexapod_interfaces/hexapod_interfaces/msg/coordinates.hpp
-- Installing: /home/waves/hexapod/install/hexapod_interfaces/include/hexapod_interfaces/hexapod_interfaces/msg/rosidl_generator_cpp__visibility_control.hpp
-- Up-to-date: /home/waves/hexapod/install/hexapod_interfaces/include/hexapod_interfaces/hexapod_interfaces
-- Up-to-date: /home/waves/hexapod/install/hexapod_interfaces/include/hexapod_interfaces/hexapod_interfaces/srv
-- Up-to-date: /home/waves/hexapod/install/hexapod_interfaces/include/hexapod_interfaces/hexapod_interfaces/srv/detail
-- Installing: /home/waves/hexapod/install/hexapod_interfaces/include/hexapod_interfaces/hexapod_interfaces/srv/detail/dds_fastrtps
-- Installing: /home/waves/hexapod/install/hexapod_interfaces/include/hexapod_interfaces/hexapod_interfaces/srv/detail/inverse_kinematics__rosidl_typesupport_fastrtps_cpp.hpp
-- Up-to-date: /home/waves/hexapod/install/hexapod_interfaces/include/hexapod_interfaces/hexapod_interfaces/msg
-- Up-to-date: /home/waves/hexapod/install/hexapod_interfaces/include/hexapod_interfaces/hexapod_interfaces/msg/detail
-- Installing: /home/waves/hexapod/install/hexapod_interfaces/include/hexapod_interfaces/hexapod_interfaces/msg/detail/dds_fastrtps
-- Installing: /home/waves/hexapod/install/hexapod_interfaces/include/hexapod_interfaces/hexapod_interfaces/msg/detail/coordinates__rosidl_typesupport_fastrtps_cpp.hpp
-- Installing: /home/waves/hexapod/install/hexapod_interfaces/include/hexapod_interfaces/hexapod_interfaces/msg/detail/leg_actuators__rosidl_typesupport_fastrtps_cpp.hpp
-- Installing: /home/waves/hexapod/install/hexapod_interfaces/include/hexapod_interfaces/hexapod_interfaces/msg/rosidl_typesupport_fastrtps_cpp__visibility_control.h
-- Installing: /home/waves/hexapod/install/hexapod_interfaces/lib/libhexapod_interfaces__rosidl_typesupport_fastrtps_cpp.so
-- Set runtime path of "/home/waves/hexapod/install/hexapod_interfaces/lib/libhexapod_interfaces__rosidl_typesupport_fastrtps_cpp.so" to ""
-- Up-to-date: /home/waves/hexapod/install/hexapod_interfaces/include/hexapod_interfaces/hexapod_interfaces
-- Up-to-date: /home/waves/hexapod/install/hexapod_interfaces/include/hexapod_interfaces/hexapod_interfaces/srv
-- Up-to-date: /home/waves/hexapod/install/hexapod_interfaces/include/hexapod_interfaces/hexapod_interfaces/srv/detail
-- Installing: /home/waves/hexapod/install/hexapod_interfaces/include/hexapod_interfaces/hexapod_interfaces/srv/detail/inverse_kinematics__type_support.cpp
-- Installing: /home/waves/hexapod/install/hexapod_interfaces/include/hexapod_interfaces/hexapod_interfaces/srv/detail/inverse_kinematics__rosidl_typesupport_introspection_cpp.hpp
-- Up-to-date: /home/waves/hexapod/install/hexapod_interfaces/include/hexapod_interfaces/hexapod_interfaces/msg
-- Up-to-date: /home/waves/hexapod/install/hexapod_interfaces/include/hexapod_interfaces/hexapod_interfaces/msg/detail
-- Installing: /home/waves/hexapod/install/hexapod_interfaces/include/hexapod_interfaces/hexapod_interfaces/msg/detail/leg_actuators__type_support.cpp
-- Installing: /home/waves/hexapod/install/hexapod_interfaces/include/hexapod_interfaces/hexapod_interfaces/msg/detail/coordinates__rosidl_typesupport_introspection_cpp.hpp
-- Installing: /home/waves/hexapod/install/hexapod_interfaces/include/hexapod_interfaces/hexapod_interfaces/msg/detail/coordinates__type_support.cpp
-- Installing: /home/waves/hexapod/install/hexapod_interfaces/include/hexapod_interfaces/hexapod_interfaces/msg/detail/leg_actuators__rosidl_typesupport_introspection_cpp.hpp
-- Installing: /home/waves/hexapod/install/hexapod_interfaces/lib/libhexapod_interfaces__rosidl_typesupport_introspection_cpp.so
-- Set runtime path of "/home/waves/hexapod/install/hexapod_interfaces/lib/libhexapod_interfaces__rosidl_typesupport_introspection_cpp.so" to ""
-- Installing: /home/waves/hexapod/install/hexapod_interfaces/lib/libhexapod_interfaces__rosidl_typesupport_cpp.so
-- Set runtime path of "/home/waves/hexapod/install/hexapod_interfaces/lib/libhexapod_interfaces__rosidl_typesupport_cpp.so" to ""
-- Installing: /home/waves/hexapod/install/hexapod_interfaces/share/hexapod_interfaces/environment/pythonpath.sh
-- Installing: /home/waves/hexapod/install/hexapod_interfaces/share/hexapod_interfaces/environment/pythonpath.dsv
-- Installing: /home/waves/hexapod/install/hexapod_interfaces/local/lib/python3.10/dist-packages/hexapod_interfaces-0.0.0-py3.10.egg-info
-- Installing: /home/waves/hexapod/install/hexapod_interfaces/local/lib/python3.10/dist-packages/hexapod_interfaces-0.0.0-py3.10.egg-info/top_level.txt
-- Installing: /home/waves/hexapod/install/hexapod_interfaces/local/lib/python3.10/dist-packages/hexapod_interfaces-0.0.0-py3.10.egg-info/dependency_links.txt
-- Installing: /home/waves/hexapod/install/hexapod_interfaces/local/lib/python3.10/dist-packages/hexapod_interfaces-0.0.0-py3.10.egg-info/PKG-INFO
-- Installing: /home/waves/hexapod/install/hexapod_interfaces/local/lib/python3.10/dist-packages/hexapod_interfaces-0.0.0-py3.10.egg-info/SOURCES.txt
-- Installing: /home/waves/hexapod/install/hexapod_interfaces/local/lib/python3.10/dist-packages/hexapod_interfaces
-- Installing: /home/waves/hexapod/install/hexapod_interfaces/local/lib/python3.10/dist-packages/hexapod_interfaces/libhexapod_interfaces__rosidl_generator_py.so
-- Installing: /home/waves/hexapod/install/hexapod_interfaces/local/lib/python3.10/dist-packages/hexapod_interfaces/srv
-- Installing: /home/waves/hexapod/install/hexapod_interfaces/local/lib/python3.10/dist-packages/hexapod_interfaces/srv/_inverse_kinematics_s.c
-- Installing: /home/waves/hexapod/install/hexapod_interfaces/local/lib/python3.10/dist-packages/hexapod_interfaces/srv/_inverse_kinematics.py
-- Installing: /home/waves/hexapod/install/hexapod_interfaces/local/lib/python3.10/dist-packages/hexapod_interfaces/srv/__init__.py
-- Installing: /home/waves/hexapod/install/hexapod_interfaces/local/lib/python3.10/dist-packages/hexapod_interfaces/_hexapod_interfaces_s.ep.rosidl_typesupport_c.c
-- Installing: /home/waves/hexapod/install/hexapod_interfaces/local/lib/python3.10/dist-packages/hexapod_interfaces/msg
-- Installing: /home/waves/hexapod/install/hexapod_interfaces/local/lib/python3.10/dist-packages/hexapod_interfaces/msg/_leg_actuators_s.c
-- Installing: /home/waves/hexapod/install/hexapod_interfaces/local/lib/python3.10/dist-packages/hexapod_interfaces/msg/_leg_actuators.py
-- Installing: /home/waves/hexapod/install/hexapod_interfaces/local/lib/python3.10/dist-packages/hexapod_interfaces/msg/_coordinates_s.c
-- Installing: /home/waves/hexapod/install/hexapod_interfaces/local/lib/python3.10/dist-packages/hexapod_interfaces/msg/_coordinates.py
-- Installing: /home/waves/hexapod/install/hexapod_interfaces/local/lib/python3.10/dist-packages/hexapod_interfaces/msg/__init__.py
-- Installing: /home/waves/hexapod/install/hexapod_interfaces/local/lib/python3.10/dist-packages/hexapod_interfaces/hexapod_interfaces_s__rosidl_typesupport_fastrtps_c.cpython-310-x86_64-linux-gnu.so
-- Installing: /home/waves/hexapod/install/hexapod_interfaces/local/lib/python3.10/dist-packages/hexapod_interfaces/_hexapod_interfaces_s.ep.rosidl_typesupport_fastrtps_c.c
-- Installing: /home/waves/hexapod/install/hexapod_interfaces/local/lib/python3.10/dist-packages/hexapod_interfaces/_hexapod_interfaces_s.ep.rosidl_typesupport_introspection_c.c
-- Installing: /home/waves/hexapod/install/hexapod_interfaces/local/lib/python3.10/dist-packages/hexapod_interfaces/hexapod_interfaces_s__rosidl_typesupport_introspection_c.cpython-310-x86_64-linux-gnu.so
-- Installing: /home/waves/hexapod/install/hexapod_interfaces/local/lib/python3.10/dist-packages/hexapod_interfaces/__init__.py
-- Installing: /home/waves/hexapod/install/hexapod_interfaces/local/lib/python3.10/dist-packages/hexapod_interfaces/hexapod_interfaces_s__rosidl_typesupport_c.cpython-310-x86_64-linux-gnu.so
Listing '/home/waves/hexapod/install/hexapod_interfaces/local/lib/python3.10/dist-packages/hexapod_interfaces'...
Compiling '/home/waves/hexapod/install/hexapod_interfaces/local/lib/python3.10/dist-packages/hexapod_interfaces/__init__.py'...
Listing '/home/waves/hexapod/install/hexapod_interfaces/local/lib/python3.10/dist-packages/hexapod_interfaces/msg'...
Compiling '/home/waves/hexapod/install/hexapod_interfaces/local/lib/python3.10/dist-packages/hexapod_interfaces/msg/__init__.py'...
Compiling '/home/waves/hexapod/install/hexapod_interfaces/local/lib/python3.10/dist-packages/hexapod_interfaces/msg/_coordinates.py'...
Compiling '/home/waves/hexapod/install/hexapod_interfaces/local/lib/python3.10/dist-packages/hexapod_interfaces/msg/_leg_actuators.py'...
Listing '/home/waves/hexapod/install/hexapod_interfaces/local/lib/python3.10/dist-packages/hexapod_interfaces/srv'...
Compiling '/home/waves/hexapod/install/hexapod_interfaces/local/lib/python3.10/dist-packages/hexapod_interfaces/srv/__init__.py'...
Compiling '/home/waves/hexapod/install/hexapod_interfaces/local/lib/python3.10/dist-packages/hexapod_interfaces/srv/_inverse_kinematics.py'...
-- Installing: /home/waves/hexapod/install/hexapod_interfaces/local/lib/python3.10/dist-packages/hexapod_interfaces/hexapod_interfaces_s__rosidl_typesupport_fastrtps_c.cpython-310-x86_64-linux-gnu.so
-- Set runtime path of "/home/waves/hexapod/install/hexapod_interfaces/local/lib/python3.10/dist-packages/hexapod_interfaces/hexapod_interfaces_s__rosidl_typesupport_fastrtps_c.cpython-310-x86_64-linux-gnu.so" to ""
-- Installing: /home/waves/hexapod/install/hexapod_interfaces/local/lib/python3.10/dist-packages/hexapod_interfaces/hexapod_interfaces_s__rosidl_typesupport_introspection_c.cpython-310-x86_64-linux-gnu.so
-- Set runtime path of "/home/waves/hexapod/install/hexapod_interfaces/local/lib/python3.10/dist-packages/hexapod_interfaces/hexapod_interfaces_s__rosidl_typesupport_introspection_c.cpython-310-x86_64-linux-gnu.so" to ""
-- Installing: /home/waves/hexapod/install/hexapod_interfaces/local/lib/python3.10/dist-packages/hexapod_interfaces/hexapod_interfaces_s__rosidl_typesupport_c.cpython-310-x86_64-linux-gnu.so
-- Set runtime path of "/home/waves/hexapod/install/hexapod_interfaces/local/lib/python3.10/dist-packages/hexapod_interfaces/hexapod_interfaces_s__rosidl_typesupport_c.cpython-310-x86_64-linux-gnu.so" to ""
-- Installing: /home/waves/hexapod/install/hexapod_interfaces/lib/libhexapod_interfaces__rosidl_generator_py.so
-- Set runtime path of "/home/waves/hexapod/install/hexapod_interfaces/lib/libhexapod_interfaces__rosidl_generator_py.so" to ""
-- Installing: /home/waves/hexapod/install/hexapod_interfaces/share/hexapod_interfaces/msg/LegActuators.idl
-- Installing: /home/waves/hexapod/install/hexapod_interfaces/share/hexapod_interfaces/msg/Coordinates.idl
-- Installing: /home/waves/hexapod/install/hexapod_interfaces/share/hexapod_interfaces/srv/InverseKinematics.idl
-- Installing: /home/waves/hexapod/install/hexapod_interfaces/share/hexapod_interfaces/msg/LegActuators.msg
-- Installing: /home/waves/hexapod/install/hexapod_interfaces/share/hexapod_interfaces/msg/Coordinates.msg
-- Installing: /home/waves/hexapod/install/hexapod_interfaces/share/hexapod_interfaces/srv/InverseKinematics.srv
-- Installing: /home/waves/hexapod/install/hexapod_interfaces/share/hexapod_interfaces/srv/InverseKinematics_Request.msg
-- Installing: /home/waves/hexapod/install/hexapod_interfaces/share/hexapod_interfaces/srv/InverseKinematics_Response.msg
-- Installing: /home/waves/hexapod/install/hexapod_interfaces/share/ament_index/resource_index/package_run_dependencies/hexapod_interfaces
-- Installing: /home/waves/hexapod/install/hexapod_interfaces/share/ament_index/resource_index/parent_prefix_path/hexapod_interfaces
-- Installing: /home/waves/hexapod/install/hexapod_interfaces/share/hexapod_interfaces/environment/ament_prefix_path.sh
-- Installing: /home/waves/hexapod/install/hexapod_interfaces/share/hexapod_interfaces/environment/ament_prefix_path.dsv
-- Installing: /home/waves/hexapod/install/hexapod_interfaces/share/hexapod_interfaces/environment/path.sh
-- Installing: /home/waves/hexapod/install/hexapod_interfaces/share/hexapod_interfaces/environment/path.dsv
-- Installing: /home/waves/hexapod/install/hexapod_interfaces/share/hexapod_interfaces/local_setup.bash
-- Installing: /home/waves/hexapod/install/hexapod_interfaces/share/hexapod_interfaces/local_setup.sh
-- Installing: /home/waves/hexapod/install/hexapod_interfaces/share/hexapod_interfaces/local_setup.zsh
-- Installing: /home/waves/hexapod/install/hexapod_interfaces/share/hexapod_interfaces/local_setup.dsv
-- Installing: /home/waves/hexapod/install/hexapod_interfaces/share/hexapod_interfaces/package.dsv
-- Installing: /home/waves/hexapod/install/hexapod_interfaces/share/ament_index/resource_index/packages/hexapod_interfaces
-- Installing: /home/waves/hexapod/install/hexapod_interfaces/share/hexapod_interfaces/cmake/export_hexapod_interfaces__rosidl_generator_cExport.cmake
-- Installing: /home/waves/hexapod/install/hexapod_interfaces/share/hexapod_interfaces/cmake/export_hexapod_interfaces__rosidl_generator_cExport-noconfig.cmake
-- Installing: /home/waves/hexapod/install/hexapod_interfaces/share/hexapod_interfaces/cmake/export_hexapod_interfaces__rosidl_typesupport_fastrtps_cExport.cmake
-- Installing: /home/waves/hexapod/install/hexapod_interfaces/share/hexapod_interfaces/cmake/export_hexapod_interfaces__rosidl_typesupport_fastrtps_cExport-noconfig.cmake
-- Installing: /home/waves/hexapod/install/hexapod_interfaces/share/hexapod_interfaces/cmake/hexapod_interfaces__rosidl_typesupport_introspection_cExport.cmake
-- Installing: /home/waves/hexapod/install/hexapod_interfaces/share/hexapod_interfaces/cmake/hexapod_interfaces__rosidl_typesupport_introspection_cExport-noconfig.cmake
-- Installing: /home/waves/hexapod/install/hexapod_interfaces/share/hexapod_interfaces/cmake/hexapod_interfaces__rosidl_typesupport_cExport.cmake
-- Installing: /home/waves/hexapod/install/hexapod_interfaces/share/hexapod_interfaces/cmake/hexapod_interfaces__rosidl_typesupport_cExport-noconfig.cmake
-- Installing: /home/waves/hexapod/install/hexapod_interfaces/share/hexapod_interfaces/cmake/export_hexapod_interfaces__rosidl_generator_cppExport.cmake
-- Installing: /home/waves/hexapod/install/hexapod_interfaces/share/hexapod_interfaces/cmake/export_hexapod_interfaces__rosidl_typesupport_fastrtps_cppExport.cmake
-- Installing: /home/waves/hexapod/install/hexapod_interfaces/share/hexapod_interfaces/cmake/export_hexapod_interfaces__rosidl_typesupport_fastrtps_cppExport-noconfig.cmake
-- Installing: /home/waves/hexapod/install/hexapod_interfaces/share/hexapod_interfaces/cmake/hexapod_interfaces__rosidl_typesupport_introspection_cppExport.cmake
-- Installing: /home/waves/hexapod/install/hexapod_interfaces/share/hexapod_interfaces/cmake/hexapod_interfaces__rosidl_typesupport_introspection_cppExport-noconfig.cmake
-- Installing: /home/waves/hexapod/install/hexapod_interfaces/share/hexapod_interfaces/cmake/hexapod_interfaces__rosidl_typesupport_cppExport.cmake
-- Installing: /home/waves/hexapod/install/hexapod_interfaces/share/hexapod_interfaces/cmake/hexapod_interfaces__rosidl_typesupport_cppExport-noconfig.cmake
-- Installing: /home/waves/hexapod/install/hexapod_interfaces/share/hexapod_interfaces/cmake/export_hexapod_interfaces__rosidl_generator_pyExport.cmake
-- Installing: /home/waves/hexapod/install/hexapod_interfaces/share/hexapod_interfaces/cmake/export_hexapod_interfaces__rosidl_generator_pyExport-noconfig.cmake
-- Installing: /home/waves/hexapod/install/hexapod_interfaces/share/hexapod_interfaces/cmake/rosidl_cmake-extras.cmake
-- Installing: /home/waves/hexapod/install/hexapod_interfaces/share/hexapod_interfaces/cmake/ament_cmake_export_include_directories-extras.cmake
-- Installing: /home/waves/hexapod/install/hexapod_interfaces/share/hexapod_interfaces/cmake/ament_cmake_export_libraries-extras.cmake
-- Installing: /home/waves/hexapod/install/hexapod_interfaces/share/hexapod_interfaces/cmake/ament_cmake_export_targets-extras.cmake
-- Installing: /home/waves/hexapod/install/hexapod_interfaces/share/hexapod_interfaces/cmake/rosidl_cmake_export_typesupport_targets-extras.cmake
-- Installing: /home/waves/hexapod/install/hexapod_interfaces/share/hexapod_interfaces/cmake/ament_cmake_export_dependencies-extras.cmake
-- Installing: /home/waves/hexapod/install/hexapod_interfaces/share/hexapod_interfaces/cmake/rosidl_cmake_export_typesupport_libraries-extras.cmake
-- Installing: /home/waves/hexapod/install/hexapod_interfaces/share/hexapod_interfaces/cmake/hexapod_interfacesConfig.cmake
-- Installing: /home/waves/hexapod/install/hexapod_interfaces/share/hexapod_interfaces/cmake/hexapod_interfacesConfig-version.cmake
-- Installing: /home/waves/hexapod/install/hexapod_interfaces/share/hexapod_interfaces/package.xml
