[35m[1mConsolidate compiler generated dependencies of target controller[0m
[ 50%] Built target generate_angles
[ 75%] [32mBuilding CXX object CMakeFiles/controller.dir/src/control_leg.cpp.o[0m
[100%] [32m[1mLinking CXX executable controller[0m
[100%] Built target controller
-- Install configuration: ""
-- Installing: /home/waves/hexapod/install/hexapod_control/lib/hexapod_control/controller
-- Set runtime path of "/home/waves/hexapod/install/hexapod_control/lib/hexapod_control/controller" to ""
-- Up-to-date: /home/waves/hexapod/install/hexapod_control/lib/hexapod_control/generate_angles
-- Up-to-date: /home/waves/hexapod/install/hexapod_control/share/ament_index/resource_index/package_run_dependencies/hexapod_control
-- Up-to-date: /home/waves/hexapod/install/hexapod_control/share/ament_index/resource_index/parent_prefix_path/hexapod_control
-- Up-to-date: /home/waves/hexapod/install/hexapod_control/share/hexapod_control/environment/ament_prefix_path.sh
-- Up-to-date: /home/waves/hexapod/install/hexapod_control/share/hexapod_control/environment/ament_prefix_path.dsv
-- Up-to-date: /home/waves/hexapod/install/hexapod_control/share/hexapod_control/environment/path.sh
-- Up-to-date: /home/waves/hexapod/install/hexapod_control/share/hexapod_control/environment/path.dsv
-- Up-to-date: /home/waves/hexapod/install/hexapod_control/share/hexapod_control/local_setup.bash
-- Up-to-date: /home/waves/hexapod/install/hexapod_control/share/hexapod_control/local_setup.sh
-- Up-to-date: /home/waves/hexapod/install/hexapod_control/share/hexapod_control/local_setup.zsh
-- Up-to-date: /home/waves/hexapod/install/hexapod_control/share/hexapod_control/local_setup.dsv
-- Installing: /home/waves/hexapod/install/hexapod_control/share/hexapod_control/package.dsv
-- Up-to-date: /home/waves/hexapod/install/hexapod_control/share/ament_index/resource_index/packages/hexapod_control
-- Up-to-date: /home/waves/hexapod/install/hexapod_control/share/hexapod_control/cmake/hexapod_controlConfig.cmake
-- Up-to-date: /home/waves/hexapod/install/hexapod_control/share/hexapod_control/cmake/hexapod_controlConfig-version.cmake
-- Up-to-date: /home/waves/hexapod/install/hexapod_control/share/hexapod_control/package.xml
