-- The C compiler identification is GNU 11.4.0
-- The CXX compiler identification is GNU 11.4.0
-- Detecting C compiler ABI info
-- Detecting C compiler ABI info - done
-- Check for working C compiler: /usr/bin/cc - skipped
-- Detecting C compile features
-- Detecting C compile features - done
-- Detecting CXX compiler ABI info
-- Detecting CXX compiler ABI info - done
-- Check for working CXX compiler: /usr/bin/c++ - skipped
-- Detecting CXX compile features
-- Detecting CXX compile features - done
-- Found ament_cmake: 1.3.11 (/opt/ros/humble/share/ament_cmake/cmake)
-- Found Python3: /usr/bin/python3 (found version "3.10.12") found components: Interpreter 
-- Found hexapod_interfaces: 0.0.0 (/home/waves/hexapod/install/hexapod_interfaces/share/hexapod_interfaces/cmake)
-- Found rosidl_generator_c: 3.1.6 (/opt/ros/humble/share/rosidl_generator_c/cmake)
-- Found rosidl_adapter: 3.1.6 (/opt/ros/humble/share/rosidl_adapter/cmake)
-- Found rosidl_generator_cpp: 3.1.6 (/opt/ros/humble/share/rosidl_generator_cpp/cmake)
-- Using all available rosidl_typesupport_c: rosidl_typesupport_fastrtps_c;rosidl_typesupport_introspection_c
-- Using all available rosidl_typesupport_cpp: rosidl_typesupport_fastrtps_cpp;rosidl_typesupport_introspection_cpp
-- Found rclcpp: 16.0.12 (/opt/ros/humble/share/rclcpp/cmake)
-- Found rmw_implementation_cmake: 6.1.2 (/opt/ros/humble/share/rmw_implementation_cmake/cmake)
-- Found rmw_fastrtps_cpp: 6.2.7 (/opt/ros/humble/share/rmw_fastrtps_cpp/cmake)
-- Found OpenSSL: /usr/lib/x86_64-linux-gnu/libcrypto.so (found version "3.0.2")  
-- Found FastRTPS: /opt/ros/humble/include  
-- Using RMW implementation 'rmw_fastrtps_cpp' as default
-- Looking for pthread.h
-- Looking for pthread.h - found
-- Performing Test CMAKE_HAVE_LIBC_PTHREAD
-- Performing Test CMAKE_HAVE_LIBC_PTHREAD - Success
-- Found Threads: TRUE  
-- Configuring done
-- Generating done
-- Build files have been written to: /home/waves/hexapod/build/hexapod_control
[ 50%] [32mBuilding CXX object CMakeFiles/generate_angles.dir/src/generate_angles.cpp.o[0m
In file included from [01m[K/opt/ros/humble/include/rclcpp/rclcpp/logging.hpp:24[m[K,
                 from [01m[K/opt/ros/humble/include/rclcpp/rclcpp/client.hpp:40[m[K,
                 from [01m[K/opt/ros/humble/include/rclcpp/rclcpp/callback_group.hpp:24[m[K,
                 from [01m[K/opt/ros/humble/include/rclcpp/rclcpp/any_executable.hpp:20[m[K,
                 from [01m[K/opt/ros/humble/include/rclcpp/rclcpp/memory_strategy.hpp:25[m[K,
                 from [01m[K/opt/ros/humble/include/rclcpp/rclcpp/memory_strategies.hpp:18[m[K,
                 from [01m[K/opt/ros/humble/include/rclcpp/rclcpp/executor_options.hpp:20[m[K,
                 from [01m[K/opt/ros/humble/include/rclcpp/rclcpp/executor.hpp:37[m[K,
                 from [01m[K/opt/ros/humble/include/rclcpp/rclcpp/executors/multi_threaded_executor.hpp:25[m[K,
                 from [01m[K/opt/ros/humble/include/rclcpp/rclcpp/executors.hpp:21[m[K,
                 from [01m[K/opt/ros/humble/include/rclcpp/rclcpp/rclcpp.hpp:155[m[K,
                 from [01m[K/home/waves/hexapod/src/hexapod_control/src/generate_angles.cpp:1[m[K:
[01m[K/home/waves/hexapod/src/hexapod_control/src/generate_angles.cpp:[m[K In member function ‘[01m[Kvoid GenerateAngles::solver(hexapod_interfaces::msg::Coordinates_<std::allocator<void> >::SharedPtr)[m[K’:
[01m[K/home/waves/hexapod/src/hexapod_control/src/generate_angles.cpp:28:41:[m[K [01;35m[Kwarning: [m[Kformat ‘[01m[K%f[m[K’ expects argument of type ‘[01m[Kdouble[m[K’, but argument 5 has type ‘[01m[Kint[m[K’ [[01;35m[K]8;;https://gcc.gnu.org/onlinedocs/gcc/Warning-Options.html#index-Wformat=-Wformat=]8;;[m[K]
   28 |         RCLCPP_INFO(this->get_logger(), [01;35m[K"A: %f"[m[K, [32m[Kthis->femur_l[m[K);
      |                                         [01;35m[K^~~~~~~[m[K  [32m[K~~~~~~~~~~~~~[m[K
      |                                                        [32m[K|[m[K
      |                                                        [32m[Kint[m[K
[01m[K/home/waves/hexapod/src/hexapod_control/src/generate_angles.cpp:28:46:[m[K [01;36m[Knote: [m[Kformat string is defined here
   28 |         RCLCPP_INFO(this->get_logger(), "A: [01;36m[K%f[m[K", this->femur_l);
      |                                             [01;36m[K~^[m[K
      |                                              [01;36m[K|[m[K
      |                                              [01;36m[Kdouble[m[K
      |                                             [32m[K%d[m[K
In file included from [01m[K/opt/ros/humble/include/rclcpp/rclcpp/logging.hpp:24[m[K,
                 from [01m[K/opt/ros/humble/include/rclcpp/rclcpp/client.hpp:40[m[K,
                 from [01m[K/opt/ros/humble/include/rclcpp/rclcpp/callback_group.hpp:24[m[K,
                 from [01m[K/opt/ros/humble/include/rclcpp/rclcpp/any_executable.hpp:20[m[K,
                 from [01m[K/opt/ros/humble/include/rclcpp/rclcpp/memory_strategy.hpp:25[m[K,
                 from [01m[K/opt/ros/humble/include/rclcpp/rclcpp/memory_strategies.hpp:18[m[K,
                 from [01m[K/opt/ros/humble/include/rclcpp/rclcpp/executor_options.hpp:20[m[K,
                 from [01m[K/opt/ros/humble/include/rclcpp/rclcpp/executor.hpp:37[m[K,
                 from [01m[K/opt/ros/humble/include/rclcpp/rclcpp/executors/multi_threaded_executor.hpp:25[m[K,
                 from [01m[K/opt/ros/humble/include/rclcpp/rclcpp/executors.hpp:21[m[K,
                 from [01m[K/opt/ros/humble/include/rclcpp/rclcpp/rclcpp.hpp:155[m[K,
                 from [01m[K/home/waves/hexapod/src/hexapod_control/src/generate_angles.cpp:1[m[K:
[01m[K/home/waves/hexapod/src/hexapod_control/src/generate_angles.cpp:29:41:[m[K [01;35m[Kwarning: [m[Kformat ‘[01m[K%f[m[K’ expects argument of type ‘[01m[Kdouble[m[K’, but argument 5 has type ‘[01m[Kint[m[K’ [[01;35m[K]8;;https://gcc.gnu.org/onlinedocs/gcc/Warning-Options.html#index-Wformat=-Wformat=]8;;[m[K]
   29 |         RCLCPP_INFO(this->get_logger(), [01;35m[K"B: %f"[m[K, [32m[Kthis->tibia_l[m[K);
      |                                         [01;35m[K^~~~~~~[m[K  [32m[K~~~~~~~~~~~~~[m[K
      |                                                        [32m[K|[m[K
      |                                                        [32m[Kint[m[K
[01m[K/home/waves/hexapod/src/hexapod_control/src/generate_angles.cpp:29:46:[m[K [01;36m[Knote: [m[Kformat string is defined here
   29 |         RCLCPP_INFO(this->get_logger(), "B: [01;36m[K%f[m[K", this->tibia_l);
      |                                             [01;36m[K~^[m[K
      |                                              [01;36m[K|[m[K
      |                                              [01;36m[Kdouble[m[K
      |                                             [32m[K%d[m[K
[100%] [32m[1mLinking CXX executable generate_angles[0m
[100%] Built target generate_angles
-- Install configuration: ""
-- Installing: /home/waves/hexapod/install/hexapod_control/lib/hexapod_control/generate_angles
-- Set runtime path of "/home/waves/hexapod/install/hexapod_control/lib/hexapod_control/generate_angles" to ""
-- Installing: /home/waves/hexapod/install/hexapod_control/share/ament_index/resource_index/package_run_dependencies/hexapod_control
-- Installing: /home/waves/hexapod/install/hexapod_control/share/ament_index/resource_index/parent_prefix_path/hexapod_control
-- Installing: /home/waves/hexapod/install/hexapod_control/share/hexapod_control/environment/ament_prefix_path.sh
-- Installing: /home/waves/hexapod/install/hexapod_control/share/hexapod_control/environment/ament_prefix_path.dsv
-- Installing: /home/waves/hexapod/install/hexapod_control/share/hexapod_control/environment/path.sh
-- Installing: /home/waves/hexapod/install/hexapod_control/share/hexapod_control/environment/path.dsv
-- Installing: /home/waves/hexapod/install/hexapod_control/share/hexapod_control/local_setup.bash
-- Installing: /home/waves/hexapod/install/hexapod_control/share/hexapod_control/local_setup.sh
-- Installing: /home/waves/hexapod/install/hexapod_control/share/hexapod_control/local_setup.zsh
-- Installing: /home/waves/hexapod/install/hexapod_control/share/hexapod_control/local_setup.dsv
-- Installing: /home/waves/hexapod/install/hexapod_control/share/hexapod_control/package.dsv
-- Installing: /home/waves/hexapod/install/hexapod_control/share/ament_index/resource_index/packages/hexapod_control
-- Installing: /home/waves/hexapod/install/hexapod_control/share/hexapod_control/cmake/hexapod_controlConfig.cmake
-- Installing: /home/waves/hexapod/install/hexapod_control/share/hexapod_control/cmake/hexapod_controlConfig-version.cmake
-- Installing: /home/waves/hexapod/install/hexapod_control/share/hexapod_control/package.xml
