[2.768s] Invoking command in '/home/waves/hexapod/src/hexapod_communication': PYTHONPATH=/home/waves/hexapod/build/hexapod_communication/prefix_override:/usr/lib/python3/dist-packages/colcon_core/task/python/colcon_distutils_commands:/home/waves/hexapod/install/hexapod_communication/lib/python3.10/site-packages:${PYTHONPATH} /usr/bin/python3 -W ignore:setup.py install is deprecated -W ignore:easy_install command is deprecated setup.py egg_info --egg-base ../../build/hexapod_communication build --build-base /home/waves/hexapod/build/hexapod_communication/build install --record /home/waves/hexapod/build/hexapod_communication/install.log --single-version-externally-managed install_data
[3.737s] running egg_info
[3.738s] writing ../../build/hexapod_communication/hexapod_communication.egg-info/PKG-INFO
[3.756s] writing dependency_links to ../../build/hexapod_communication/hexapod_communication.egg-info/dependency_links.txt
[3.757s] writing entry points to ../../build/hexapod_communication/hexapod_communication.egg-info/entry_points.txt
[3.757s] writing requirements to ../../build/hexapod_communication/hexapod_communication.egg-info/requires.txt
[3.759s] writing top-level names to ../../build/hexapod_communication/hexapod_communication.egg-info/top_level.txt
[3.779s] reading manifest file '../../build/hexapod_communication/hexapod_communication.egg-info/SOURCES.txt'
[3.791s] writing manifest file '../../build/hexapod_communication/hexapod_communication.egg-info/SOURCES.txt'
[3.792s] running build
[3.792s] running build_py
[3.792s] running install
[3.792s] running install_lib
[3.814s] running install_data
[3.816s] running install_egg_info
[3.828s] removing '/home/waves/hexapod/install/hexapod_communication/lib/python3.10/site-packages/hexapod_communication-0.0.0-py3.10.egg-info' (and everything under it)
[3.828s] Copying ../../build/hexapod_communication/hexapod_communication.egg-info to /home/waves/hexapod/install/hexapod_communication/lib/python3.10/site-packages/hexapod_communication-0.0.0-py3.10.egg-info
[3.830s] running install_scripts
[3.901s] Installing communication script to /home/waves/hexapod/install/hexapod_communication/lib/hexapod_communication
[3.902s] writing list of installed files to '/home/waves/hexapod/build/hexapod_communication/install.log'
[4.007s] Invoked command in '/home/waves/hexapod/src/hexapod_communication' returned '0': PYTHONPATH=/home/waves/hexapod/build/hexapod_communication/prefix_override:/usr/lib/python3/dist-packages/colcon_core/task/python/colcon_distutils_commands:/home/waves/hexapod/install/hexapod_communication/lib/python3.10/site-packages:${PYTHONPATH} /usr/bin/python3 -W ignore:setup.py install is deprecated -W ignore:easy_install command is deprecated setup.py egg_info --egg-base ../../build/hexapod_communication build --build-base /home/waves/hexapod/build/hexapod_communication/build install --record /home/waves/hexapod/build/hexapod_communication/install.log --single-version-externally-managed install_data
