[3.049s] Invoking command in '/home/waves/hexapod/src/hexapod_communication': PYTHONPATH=/home/waves/hexapod/build/hexapod_communication/prefix_override:/usr/lib/python3/dist-packages/colcon_core/task/python/colcon_distutils_commands:/home/waves/hexapod/install/hexapod_communication/lib/python3.10/site-packages:${PYTHONPATH} /usr/bin/python3 -W ignore:setup.py install is deprecated -W ignore:easy_install command is deprecated setup.py egg_info --egg-base ../../build/hexapod_communication build --build-base /home/waves/hexapod/build/hexapod_communication/build install --record /home/waves/hexapod/build/hexapod_communication/install.log --single-version-externally-managed install_data
[3.958s] running egg_info
[3.965s] writing ../../build/hexapod_communication/hexapod_communication.egg-info/PKG-INFO
[3.968s] writing dependency_links to ../../build/hexapod_communication/hexapod_communication.egg-info/dependency_links.txt
[3.986s] writing entry points to ../../build/hexapod_communication/hexapod_communication.egg-info/entry_points.txt
[3.996s] writing requirements to ../../build/hexapod_communication/hexapod_communication.egg-info/requires.txt
[3.997s] writing top-level names to ../../build/hexapod_communication/hexapod_communication.egg-info/top_level.txt
[4.009s] reading manifest file '../../build/hexapod_communication/hexapod_communication.egg-info/SOURCES.txt'
[4.009s] writing manifest file '../../build/hexapod_communication/hexapod_communication.egg-info/SOURCES.txt'
[4.010s] running build
[4.010s] running build_py
[4.015s] running install
[4.016s] running install_lib
[4.030s] running install_data
[4.030s] running install_egg_info
[4.037s] removing '/home/waves/hexapod/install/hexapod_communication/lib/python3.10/site-packages/hexapod_communication-0.0.0-py3.10.egg-info' (and everything under it)
[4.039s] Copying ../../build/hexapod_communication/hexapod_communication.egg-info to /home/waves/hexapod/install/hexapod_communication/lib/python3.10/site-packages/hexapod_communication-0.0.0-py3.10.egg-info
[4.041s] running install_scripts
[4.110s] Installing communication script to /home/waves/hexapod/install/hexapod_communication/lib/hexapod_communication
[4.111s] writing list of installed files to '/home/waves/hexapod/build/hexapod_communication/install.log'
[4.160s] Invoked command in '/home/waves/hexapod/src/hexapod_communication' returned '0': PYTHONPATH=/home/waves/hexapod/build/hexapod_communication/prefix_override:/usr/lib/python3/dist-packages/colcon_core/task/python/colcon_distutils_commands:/home/waves/hexapod/install/hexapod_communication/lib/python3.10/site-packages:${PYTHONPATH} /usr/bin/python3 -W ignore:setup.py install is deprecated -W ignore:easy_install command is deprecated setup.py egg_info --egg-base ../../build/hexapod_communication build --build-base /home/waves/hexapod/build/hexapod_communication/build install --record /home/waves/hexapod/build/hexapod_communication/install.log --single-version-externally-managed install_data
