[3.271s] Invoking command in '/home/waves/hexapod/src/hexapod_communication': PYTHONPATH=/home/waves/hexapod/build/hexapod_communication/prefix_override:/usr/lib/python3/dist-packages/colcon_core/task/python/colcon_distutils_commands:/home/waves/hexapod/install/hexapod_communication/lib/python3.10/site-packages:${PYTHONPATH} /usr/bin/python3 -W ignore:setup.py install is deprecated -W ignore:easy_install command is deprecated setup.py egg_info --egg-base ../../build/hexapod_communication build --build-base /home/waves/hexapod/build/hexapod_communication/build install --record /home/waves/hexapod/build/hexapod_communication/install.log --single-version-externally-managed install_data
[4.572s] running egg_info
[4.578s] writing ../../build/hexapod_communication/hexapod_communication.egg-info/PKG-INFO
[4.582s] writing dependency_links to ../../build/hexapod_communication/hexapod_communication.egg-info/dependency_links.txt
[4.582s] writing entry points to ../../build/hexapod_communication/hexapod_communication.egg-info/entry_points.txt
[4.583s] writing requirements to ../../build/hexapod_communication/hexapod_communication.egg-info/requires.txt
[4.583s] writing top-level names to ../../build/hexapod_communication/hexapod_communication.egg-info/top_level.txt
[4.588s] reading manifest file '../../build/hexapod_communication/hexapod_communication.egg-info/SOURCES.txt'
[4.589s] writing manifest file '../../build/hexapod_communication/hexapod_communication.egg-info/SOURCES.txt'
[4.590s] running build
[4.590s] running build_py
[4.591s] running install
[4.592s] running install_lib
[4.599s] running install_data
[4.599s] running install_egg_info
[4.606s] removing '/home/waves/hexapod/install/hexapod_communication/lib/python3.10/site-packages/hexapod_communication-0.0.0-py3.10.egg-info' (and everything under it)
[4.607s] Copying ../../build/hexapod_communication/hexapod_communication.egg-info to /home/waves/hexapod/install/hexapod_communication/lib/python3.10/site-packages/hexapod_communication-0.0.0-py3.10.egg-info
[4.611s] running install_scripts
[4.720s] Installing communication script to /home/waves/hexapod/install/hexapod_communication/lib/hexapod_communication
[4.721s] writing list of installed files to '/home/waves/hexapod/build/hexapod_communication/install.log'
[4.784s] Invoked command in '/home/waves/hexapod/src/hexapod_communication' returned '0': PYTHONPATH=/home/waves/hexapod/build/hexapod_communication/prefix_override:/usr/lib/python3/dist-packages/colcon_core/task/python/colcon_distutils_commands:/home/waves/hexapod/install/hexapod_communication/lib/python3.10/site-packages:${PYTHONPATH} /usr/bin/python3 -W ignore:setup.py install is deprecated -W ignore:easy_install command is deprecated setup.py egg_info --egg-base ../../build/hexapod_communication build --build-base /home/waves/hexapod/build/hexapod_communication/build install --record /home/waves/hexapod/build/hexapod_communication/install.log --single-version-externally-managed install_data
