[35m[1mConsolidate compiler generated dependencies of target controller[0m
[ 25%] [32mBuilding CXX object CMakeFiles/controller.dir/src/control_leg.cpp.o[0m
[ 75%] Built target generate_angles
[01m[K/home/waves/hexapod/src/hexapod_control/src/control_leg.cpp:44:13:[m[K [01;31m[Kerror: [m[K‘[01m[Kpublisher[m[K’ in namespace ‘[01m[Krclcpp[m[K’ does not name a template type; did you mean ‘[01m[KPublisher[m[K’?
   44 |     rclcpp::[01;31m[Kpublisher[m[K<hexapod_interfaces::msg::Coordinates>::SharedPtr coords;
      |             [01;31m[K^~~~~~~~~[m[K
      |             [32m[KPublisher[m[K
[01m[K/home/waves/hexapod/src/hexapod_control/src/control_leg.cpp:[m[K In constructor ‘[01m[Kcontrol_leg::control_leg()[m[K’:
[01m[K/home/waves/hexapod/src/hexapod_control/src/control_leg.cpp:13:9:[m[K [01;31m[Kerror: [m[K‘[01m[Kcoords[m[K’ was not declared in this scope
   13 |         [01;31m[Kcoords[m[K = this->create_publisher<hexapod_interfaces::msg::Coordinates>("coords", 10);
      |         [01;31m[K^~~~~~[m[K
[01m[K/home/waves/hexapod/src/hexapod_control/src/control_leg.cpp:[m[K In member function ‘[01m[Kvoid control_leg::callback()[m[K’:
[01m[K/home/waves/hexapod/src/hexapod_control/src/control_leg.cpp:23:29:[m[K [01;31m[Kerror: [m[K‘[01m[Kfthis[m[K’ was not declared in this scope; did you mean ‘[01m[Kthis[m[K’?
   23 |             this->y += 10 * [01;31m[Kfthis[m[K->;
      |                             [01;31m[K^~~~~[m[K
      |                             [32m[Kthis[m[K
[01m[K/home/waves/hexapod/src/hexapod_control/src/control_leg.cpp:23:36:[m[K [01;31m[Kerror: [m[Kexpected unqualified-id before ‘[01m[K;[m[K’ token
   23 |             this->y += 10 * fthis->[01;31m[K;[m[K
      |                                    [01;31m[K^[m[K
[01m[K/home/waves/hexapod/src/hexapod_control/src/control_leg.cpp:37:15:[m[K [01;31m[Kerror: [m[K‘[01m[Kclass control_leg[m[K’ has no member named ‘[01m[Kcoords[m[K’
   37 |         this->[01;31m[Kcoords[m[K->publish(node)
      |               [01;31m[K^~~~~~[m[K
gmake[2]: *** [CMakeFiles/controller.dir/build.make:76: CMakeFiles/controller.dir/src/control_leg.cpp.o] Error 1
gmake[1]: *** [CMakeFiles/Makefile2:139: CMakeFiles/controller.dir/all] Error 2
gmake: *** [Makefile:146: all] Error 2
