[35m[1mConsolidate compiler generated dependencies of target controller[0m
[ 25%] [32mBuilding CXX object CMakeFiles/generate_angles.dir/src/generate_angles.cpp.o[0m
[ 75%] Built target controller
[100%] [32m[1mLinking CXX executable generate_angles[0m
[100%] Built target generate_angles
-- Install configuration: ""
-- Up-to-date: /home/waves/hexapod/install/hexapod_control/lib/hexapod_control/controller
-- Installing: /home/waves/hexapod/install/hexapod_control/lib/hexapod_control/generate_angles
-- Set runtime path of "/home/waves/hexapod/install/hexapod_control/lib/hexapod_control/generate_angles" to ""
-- Up-to-date: /home/waves/hexapod/install/hexapod_control/share/ament_index/resource_index/package_run_dependencies/hexapod_control
-- Up-to-date: /home/waves/hexapod/install/hexapod_control/share/ament_index/resource_index/parent_prefix_path/hexapod_control
-- Up-to-date: /home/waves/hexapod/install/hexapod_control/share/hexapod_control/environment/ament_prefix_path.sh
-- Up-to-date: /home/waves/hexapod/install/hexapod_control/share/hexapod_control/environment/ament_prefix_path.dsv
-- Up-to-date: /home/waves/hexapod/install/hexapod_control/share/hexapod_control/environment/path.sh
-- Up-to-date: /home/waves/hexapod/install/hexapod_control/share/hexapod_control/environment/path.dsv
-- Up-to-date: /home/waves/hexapod/install/hexapod_control/share/hexapod_control/local_setup.bash
-- Up-to-date: /home/waves/hexapod/install/hexapod_control/share/hexapod_control/local_setup.sh
-- Up-to-date: /home/waves/hexapod/install/hexapod_control/share/hexapod_control/local_setup.zsh
-- Up-to-date: /home/waves/hexapod/install/hexapod_control/share/hexapod_control/local_setup.dsv
-- Installing: /home/waves/hexapod/install/hexapod_control/share/hexapod_control/package.dsv
-- Up-to-date: /home/waves/hexapod/install/hexapod_control/share/ament_index/resource_index/packages/hexapod_control
-- Up-to-date: /home/waves/hexapod/install/hexapod_control/share/hexapod_control/cmake/hexapod_controlConfig.cmake
-- Up-to-date: /home/waves/hexapod/install/hexapod_control/share/hexapod_control/cmake/hexapod_controlConfig-version.cmake
-- Up-to-date: /home/waves/hexapod/install/hexapod_control/share/hexapod_control/package.xml
