[3.564s] Invoking command in '/home/waves/hexapod/src/hexapod_communication': PYTHONPATH=/home/waves/hexapod/build/hexapod_communication/prefix_override:/usr/lib/python3/dist-packages/colcon_core/task/python/colcon_distutils_commands:/home/waves/hexapod/install/hexapod_communication/lib/python3.10/site-packages:${PYTHONPATH} /usr/bin/python3 -W ignore:setup.py install is deprecated -W ignore:easy_install command is deprecated setup.py egg_info --egg-base ../../build/hexapod_communication build --build-base /home/waves/hexapod/build/hexapod_communication/build install --record /home/waves/hexapod/build/hexapod_communication/install.log --single-version-externally-managed install_data
[5.092s] running egg_info
[5.094s] writing ../../build/hexapod_communication/hexapod_communication.egg-info/PKG-INFO
[5.095s] writing dependency_links to ../../build/hexapod_communication/hexapod_communication.egg-info/dependency_links.txt
[5.096s] writing entry points to ../../build/hexapod_communication/hexapod_communication.egg-info/entry_points.txt
[5.097s] writing requirements to ../../build/hexapod_communication/hexapod_communication.egg-info/requires.txt
[5.097s] writing top-level names to ../../build/hexapod_communication/hexapod_communication.egg-info/top_level.txt
[5.101s] reading manifest file '../../build/hexapod_communication/hexapod_communication.egg-info/SOURCES.txt'
[5.103s] writing manifest file '../../build/hexapod_communication/hexapod_communication.egg-info/SOURCES.txt'
[5.103s] running build
[5.103s] running build_py
[5.104s] running install
[5.105s] running install_lib
[5.120s] running install_data
[5.120s] running install_egg_info
[5.137s] removing '/home/waves/hexapod/install/hexapod_communication/lib/python3.10/site-packages/hexapod_communication-0.0.0-py3.10.egg-info' (and everything under it)
[5.139s] Copying ../../build/hexapod_communication/hexapod_communication.egg-info to /home/waves/hexapod/install/hexapod_communication/lib/python3.10/site-packages/hexapod_communication-0.0.0-py3.10.egg-info
[5.141s] running install_scripts
[5.300s] Installing communication script to /home/waves/hexapod/install/hexapod_communication/lib/hexapod_communication
[5.302s] writing list of installed files to '/home/waves/hexapod/build/hexapod_communication/install.log'
[5.429s] Invoked command in '/home/waves/hexapod/src/hexapod_communication' returned '0': PYTHONPATH=/home/waves/hexapod/build/hexapod_communication/prefix_override:/usr/lib/python3/dist-packages/colcon_core/task/python/colcon_distutils_commands:/home/waves/hexapod/install/hexapod_communication/lib/python3.10/site-packages:${PYTHONPATH} /usr/bin/python3 -W ignore:setup.py install is deprecated -W ignore:easy_install command is deprecated setup.py egg_info --egg-base ../../build/hexapod_communication build --build-base /home/waves/hexapod/build/hexapod_communication/build install --record /home/waves/hexapod/build/hexapod_communication/install.log --single-version-externally-managed install_data
