running egg_info
creating ../../build/hexapod_communication/hexapod_communication.egg-info
writing ../../build/hexapod_communication/hexapod_communication.egg-info/PKG-INFO
writing dependency_links to ../../build/hexapod_communication/hexapod_communication.egg-info/dependency_links.txt
writing entry points to ../../build/hexapod_communication/hexapod_communication.egg-info/entry_points.txt
writing requirements to ../../build/hexapod_communication/hexapod_communication.egg-info/requires.txt
writing top-level names to ../../build/hexapod_communication/hexapod_communication.egg-info/top_level.txt
writing manifest file '../../build/hexapod_communication/hexapod_communication.egg-info/SOURCES.txt'
reading manifest file '../../build/hexapod_communication/hexapod_communication.egg-info/SOURCES.txt'
writing manifest file '../../build/hexapod_communication/hexapod_communication.egg-info/SOURCES.txt'
running build
running build_py
creating /home/waves/hexapod/build/hexapod_communication/build
creating /home/waves/hexapod/build/hexapod_communication/build/lib
creating /home/waves/hexapod/build/hexapod_communication/build/lib/hexapod_communication
copying hexapod_communication/arduino_comm.py -> /home/waves/hexapod/build/hexapod_communication/build/lib/hexapod_communication
copying hexapod_communication/__init__.py -> /home/waves/hexapod/build/hexapod_communication/build/lib/hexapod_communication
running install
running install_lib
creating /home/waves/hexapod/install/hexapod_communication/lib/python3.10/site-packages/hexapod_communication
copying /home/waves/hexapod/build/hexapod_communication/build/lib/hexapod_communication/arduino_comm.py -> /home/waves/hexapod/install/hexapod_communication/lib/python3.10/site-packages/hexapod_communication
copying /home/waves/hexapod/build/hexapod_communication/build/lib/hexapod_communication/__init__.py -> /home/waves/hexapod/install/hexapod_communication/lib/python3.10/site-packages/hexapod_communication
byte-compiling /home/waves/hexapod/install/hexapod_communication/lib/python3.10/site-packages/hexapod_communication/arduino_comm.py to arduino_comm.cpython-310.pyc
byte-compiling /home/waves/hexapod/install/hexapod_communication/lib/python3.10/site-packages/hexapod_communication/__init__.py to __init__.cpython-310.pyc
running install_data
creating /home/waves/hexapod/install/hexapod_communication/share/ament_index
creating /home/waves/hexapod/install/hexapod_communication/share/ament_index/resource_index
creating /home/waves/hexapod/install/hexapod_communication/share/ament_index/resource_index/packages
copying resource/hexapod_communication -> /home/waves/hexapod/install/hexapod_communication/share/ament_index/resource_index/packages
copying package.xml -> /home/waves/hexapod/install/hexapod_communication/share/hexapod_communication
running install_egg_info
Copying ../../build/hexapod_communication/hexapod_communication.egg-info to /home/waves/hexapod/install/hexapod_communication/lib/python3.10/site-packages/hexapod_communication-0.0.0-py3.10.egg-info
running install_scripts
Installing communication script to /home/waves/hexapod/install/hexapod_communication/lib/hexapod_communication
writing list of installed files to '/home/waves/hexapod/build/hexapod_communication/install.log'
