-- The C compiler identification is GNU 11.4.0
-- The CXX compiler identification is GNU 11.4.0
-- Detecting C compiler ABI info
-- Detecting C compiler ABI info - done
-- Check for working C compiler: /usr/bin/cc - skipped
-- Detecting C compile features
-- Detecting C compile features - done
-- Detecting CXX compiler ABI info
-- Detecting CXX compiler ABI info - done
-- Check for working CXX compiler: /usr/bin/c++ - skipped
-- Detecting CXX compile features
-- Detecting CXX compile features - done
-- Found ament_cmake: 1.3.11 (/opt/ros/humble/share/ament_cmake/cmake)
-- Found Python3: /usr/bin/python3 (found version "3.10.12") found components: Interpreter 
-- Found hexapod_interfaces: 0.0.0 (/home/waves/hexapod/install/hexapod_interfaces/share/hexapod_interfaces/cmake)
-- Found rosidl_generator_c: 3.1.6 (/opt/ros/humble/share/rosidl_generator_c/cmake)
-- Found rosidl_adapter: 3.1.6 (/opt/ros/humble/share/rosidl_adapter/cmake)
-- Found rosidl_generator_cpp: 3.1.6 (/opt/ros/humble/share/rosidl_generator_cpp/cmake)
-- Using all available rosidl_typesupport_c: rosidl_typesupport_fastrtps_c;rosidl_typesupport_introspection_c
-- Using all available rosidl_typesupport_cpp: rosidl_typesupport_fastrtps_cpp;rosidl_typesupport_introspection_cpp
-- Found rclcpp: 16.0.12 (/opt/ros/humble/share/rclcpp/cmake)
-- Found rmw_implementation_cmake: 6.1.2 (/opt/ros/humble/share/rmw_implementation_cmake/cmake)
-- Found rmw_fastrtps_cpp: 6.2.7 (/opt/ros/humble/share/rmw_fastrtps_cpp/cmake)
-- Found OpenSSL: /usr/lib/x86_64-linux-gnu/libcrypto.so (found version "3.0.2")  
-- Found FastRTPS: /opt/ros/humble/include  
-- Using RMW implementation 'rmw_fastrtps_cpp' as default
-- Looking for pthread.h
-- Looking for pthread.h - found
-- Performing Test CMAKE_HAVE_LIBC_PTHREAD
-- Performing Test CMAKE_HAVE_LIBC_PTHREAD - Success
-- Found Threads: TRUE  
-- Configuring done
-- Generating done
-- Build files have been written to: /home/waves/hexapod/build/hexapod_services
[ 50%] [32mBuilding CXX object CMakeFiles/solver.dir/src/inverse_kinematics.cpp.o[0m
[01m[K/home/waves/hexapod/src/hexapod_services/src/inverse_kinematics.cpp:[m[K In member function ‘[01m[Kvoid IKinematics::solver(hexapod_interfaces::srv::InverseKinematics_Request_<std::allocator<void> >::SharedPtr, hexapod_interfaces::srv::InverseKinematics_Response_<std::allocator<void> >::SharedPtr)[m[K’:
[01m[K/home/waves/hexapod/src/hexapod_services/src/inverse_kinematics.cpp:17:21:[m[K [01;35m[Kwarning: [m[Kvariable ‘[01m[Kcoxa_length[m[K’ set but not used [[01;35m[K]8;;https://gcc.gnu.org/onlinedocs/gcc/Warning-Options.html#index-Wunused-but-set-variable-Wunused-but-set-variable]8;;[m[K]
   17 |                 int [01;35m[Kcoxa_length[m[K, a, b, target_x, target_y, target_z;
      |                     [01;35m[K^~~~~~~~~~~[m[K
[01m[K/home/waves/hexapod/src/hexapod_services/src/inverse_kinematics.cpp:17:40:[m[K [01;35m[Kwarning: [m[Kvariable ‘[01m[Ktarget_x[m[K’ set but not used [[01;35m[K]8;;https://gcc.gnu.org/onlinedocs/gcc/Warning-Options.html#index-Wunused-but-set-variable-Wunused-but-set-variable]8;;[m[K]
   17 |                 int coxa_length, a, b, [01;35m[Ktarget_x[m[K, target_y, target_z;
      |                                        [01;35m[K^~~~~~~~[m[K
[100%] [32m[1mLinking CXX executable solver[0m
[100%] Built target solver
-- Install configuration: ""
-- Installing: /home/waves/hexapod/install/hexapod_services/lib/hexapod_services/solver
-- Set runtime path of "/home/waves/hexapod/install/hexapod_services/lib/hexapod_services/solver" to ""
-- Installing: /home/waves/hexapod/install/hexapod_services/share/ament_index/resource_index/package_run_dependencies/hexapod_services
-- Installing: /home/waves/hexapod/install/hexapod_services/share/ament_index/resource_index/parent_prefix_path/hexapod_services
-- Installing: /home/waves/hexapod/install/hexapod_services/share/hexapod_services/environment/ament_prefix_path.sh
-- Installing: /home/waves/hexapod/install/hexapod_services/share/hexapod_services/environment/ament_prefix_path.dsv
-- Installing: /home/waves/hexapod/install/hexapod_services/share/hexapod_services/environment/path.sh
-- Installing: /home/waves/hexapod/install/hexapod_services/share/hexapod_services/environment/path.dsv
-- Installing: /home/waves/hexapod/install/hexapod_services/share/hexapod_services/local_setup.bash
-- Installing: /home/waves/hexapod/install/hexapod_services/share/hexapod_services/local_setup.sh
-- Installing: /home/waves/hexapod/install/hexapod_services/share/hexapod_services/local_setup.zsh
-- Installing: /home/waves/hexapod/install/hexapod_services/share/hexapod_services/local_setup.dsv
-- Installing: /home/waves/hexapod/install/hexapod_services/share/hexapod_services/package.dsv
-- Installing: /home/waves/hexapod/install/hexapod_services/share/ament_index/resource_index/packages/hexapod_services
-- Installing: /home/waves/hexapod/install/hexapod_services/share/hexapod_services/cmake/hexapod_servicesConfig.cmake
-- Installing: /home/waves/hexapod/install/hexapod_services/share/hexapod_services/cmake/hexapod_servicesConfig-version.cmake
-- Installing: /home/waves/hexapod/install/hexapod_services/share/hexapod_services/package.xml
