-- Found ament_cmake: 1.3.11 (/opt/ros/humble/share/ament_cmake/cmake)
-- Found hexapod_interfaces: 0.0.0 (/home/waves/hexapod/install/hexapod_interfaces/share/hexapod_interfaces/cmake)
-- Found rosidl_generator_c: 3.1.6 (/opt/ros/humble/share/rosidl_generator_c/cmake)
-- Found rosidl_adapter: 3.1.6 (/opt/ros/humble/share/rosidl_adapter/cmake)
-- Found rosidl_generator_cpp: 3.1.6 (/opt/ros/humble/share/rosidl_generator_cpp/cmake)
-- Using all available rosidl_typesupport_c: rosidl_typesupport_fastrtps_c;rosidl_typesupport_introspection_c
-- Using all available rosidl_typesupport_cpp: rosidl_typesupport_fastrtps_cpp;rosidl_typesupport_introspection_cpp
-- Found rclcpp: 16.0.12 (/opt/ros/humble/share/rclcpp/cmake)
-- Found rmw_implementation_cmake: 6.1.2 (/opt/ros/humble/share/rmw_implementation_cmake/cmake)
-- Found rmw_fastrtps_cpp: 6.2.7 (/opt/ros/humble/share/rmw_fastrtps_cpp/cmake)
-- Using RMW implementation 'rmw_fastrtps_cpp' as default
-- Configuring done
-- Generating done
-- Build files have been written to: /home/waves/hexapod/build/hexapod_control
[35m[1mConsolidate compiler generated dependencies of target generate_angles[0m
[ 25%] [32mBuilding CXX object CMakeFiles/controller.dir/src/control_leg.cpp.o[0m
[ 75%] Built target generate_angles
[01m[K/home/waves/hexapod/src/hexapod_control/src/control_leg.cpp:44:13:[m[K [01;31m[Kerror: [m[K‘[01m[Kpublisher[m[K’ in namespace ‘[01m[Krclcpp[m[K’ does not name a template type; did you mean ‘[01m[KPublisher[m[K’?
   44 |     rclcpp::[01;31m[Kpublisher[m[K<hexapod_interfaces::msg::Coordinates>::SharedPtr coords;
      |             [01;31m[K^~~~~~~~~[m[K
      |             [32m[KPublisher[m[K
[01m[K/home/waves/hexapod/src/hexapod_control/src/control_leg.cpp:[m[K In constructor ‘[01m[Kcontrol_leg::control_leg()[m[K’:
[01m[K/home/waves/hexapod/src/hexapod_control/src/control_leg.cpp:13:9:[m[K [01;31m[Kerror: [m[K‘[01m[Kcoords[m[K’ was not declared in this scope
   13 |         [01;31m[Kcoords[m[K = this->create_publisher<hexapod_interfaces::msg::Coordinates>("coords", 10);
      |         [01;31m[K^~~~~~[m[K
[01m[K/home/waves/hexapod/src/hexapod_control/src/control_leg.cpp:[m[K In member function ‘[01m[Kvoid control_leg::callback()[m[K’:
[01m[K/home/waves/hexapod/src/hexapod_control/src/control_leg.cpp:23:29:[m[K [01;31m[Kerror: [m[K‘[01m[Kfthis[m[K’ was not declared in this scope; did you mean ‘[01m[Kthis[m[K’?
   23 |             this->y += 10 * [01;31m[Kfthis[m[K->;
      |                             [01;31m[K^~~~~[m[K
      |                             [32m[Kthis[m[K
[01m[K/home/waves/hexapod/src/hexapod_control/src/control_leg.cpp:23:36:[m[K [01;31m[Kerror: [m[Kexpected unqualified-id before ‘[01m[K;[m[K’ token
   23 |             this->y += 10 * fthis->[01;31m[K;[m[K
      |                                    [01;31m[K^[m[K
[01m[K/home/waves/hexapod/src/hexapod_control/src/control_leg.cpp:32:21:[m[K [01;31m[Kerror: [m[K‘[01m[Khexpaod_interfaces[m[K’ has not been declared
   32 |         auto node = [01;31m[Khexpaod_interfaces[m[K::msg::Coordinates();
      |                     [01;31m[K^~~~~~~~~~~~~~~~~~[m[K
[01m[K/home/waves/hexapod/src/hexapod_control/src/control_leg.cpp:37:15:[m[K [01;31m[Kerror: [m[K‘[01m[Kclass control_leg[m[K’ has no member named ‘[01m[Kcoords[m[K’
   37 |         this->[01;31m[Kcoords[m[K->publish(node)
      |               [01;31m[K^~~~~~[m[K
gmake[2]: *** [CMakeFiles/controller.dir/build.make:76: CMakeFiles/controller.dir/src/control_leg.cpp.o] Error 1
gmake[1]: *** [CMakeFiles/Makefile2:139: CMakeFiles/controller.dir/all] Error 2
gmake: *** [Makefile:146: all] Error 2
