[3.907s] Invoking command in '/home/waves/hexapod/src/hexapod_communication': PYTHONPATH=/home/waves/hexapod/build/hexapod_communication/prefix_override:/usr/lib/python3/dist-packages/colcon_core/task/python/colcon_distutils_commands:/home/waves/hexapod/install/hexapod_communication/lib/python3.10/site-packages:${PYTHONPATH} /usr/bin/python3 -W ignore:setup.py install is deprecated -W ignore:easy_install command is deprecated setup.py egg_info --egg-base ../../build/hexapod_communication build --build-base /home/waves/hexapod/build/hexapod_communication/build install --record /home/waves/hexapod/build/hexapod_communication/install.log --single-version-externally-managed install_data
[5.191s] running egg_info
[5.194s] writing ../../build/hexapod_communication/hexapod_communication.egg-info/PKG-INFO
[5.198s] writing dependency_links to ../../build/hexapod_communication/hexapod_communication.egg-info/dependency_links.txt
[5.198s] writing entry points to ../../build/hexapod_communication/hexapod_communication.egg-info/entry_points.txt
[5.198s] writing requirements to ../../build/hexapod_communication/hexapod_communication.egg-info/requires.txt
[5.198s] writing top-level names to ../../build/hexapod_communication/hexapod_communication.egg-info/top_level.txt
[5.200s] reading manifest file '../../build/hexapod_communication/hexapod_communication.egg-info/SOURCES.txt'
[5.203s] writing manifest file '../../build/hexapod_communication/hexapod_communication.egg-info/SOURCES.txt'
[5.203s] running build
[5.203s] running build_py
[5.203s] running install
[5.204s] running install_lib
[5.209s] running install_data
[5.210s] running install_egg_info
[5.218s] removing '/home/waves/hexapod/install/hexapod_communication/lib/python3.10/site-packages/hexapod_communication-0.0.0-py3.10.egg-info' (and everything under it)
[5.220s] Copying ../../build/hexapod_communication/hexapod_communication.egg-info to /home/waves/hexapod/install/hexapod_communication/lib/python3.10/site-packages/hexapod_communication-0.0.0-py3.10.egg-info
[5.221s] running install_scripts
[5.325s] Installing communication script to /home/waves/hexapod/install/hexapod_communication/lib/hexapod_communication
[5.328s] writing list of installed files to '/home/waves/hexapod/build/hexapod_communication/install.log'
[5.381s] Invoked command in '/home/waves/hexapod/src/hexapod_communication' returned '0': PYTHONPATH=/home/waves/hexapod/build/hexapod_communication/prefix_override:/usr/lib/python3/dist-packages/colcon_core/task/python/colcon_distutils_commands:/home/waves/hexapod/install/hexapod_communication/lib/python3.10/site-packages:${PYTHONPATH} /usr/bin/python3 -W ignore:setup.py install is deprecated -W ignore:easy_install command is deprecated setup.py egg_info --egg-base ../../build/hexapod_communication build --build-base /home/waves/hexapod/build/hexapod_communication/build install --record /home/waves/hexapod/build/hexapod_communication/install.log --single-version-externally-managed install_data
